-- now --
-- civil time to a moment --
-- a moment to its parts --
-- names --
-- calendar facts --
-- moving around the calendar --
-- writing a moment out: every specifier --
-- writing a moment out: the padding and case flags --
-- writing a moment out: the convenience exports --
-- reading a moment in: accepted forms --
-- reading a moment in: refused forms --
-- relative descriptions --
-- round trips --
237 assertions, 0 failures
